// Jest Snapshot v1, https://goo.gl/fbAQLP

exports[`Notification should render a notification component when opened 1`] = `"<div class=\\"MuiSnackbar-root MuiSnackbar-anchorOriginTopCenter\\"><div class=\\"MuiTypography-root MuiPaper-root MuiPaper-elevation6 MuiSnackbarContent-root makeStyles-info-10 MuiTypography-body2\\" role=\\"alertdialog\\" aria-describedby=\\"client-snackbar\\" style=\\"transition: opacity 225ms cubic-bezier(0.4, 0, 0.2, 1) 0ms,transform 150ms cubic-bezier(0.4, 0, 0.2, 1) 0ms;\\"><div class=\\"MuiSnackbarContent-message\\"><span id=\\"client-snackbar\\" class=\\"makeStyles-message-14\\"><svg class=\\"MuiSvgIcon-root makeStyles-iconVariant-13\\" focusable=\\"false\\" viewBox=\\"0 0 24 24\\" aria-hidden=\\"true\\" role=\\"presentation\\"><path d=\\"M12 2C6.48 2 2 6.48 2 12s4.48 10 10 10 10-4.48 10-10S17.52 2 12 2zm1 15h-2v-6h2v6zm0-8h-2V7h2v2z\\"></path></svg>Allo</span></div></div></div>"`;
